// Jest Snapshot v1, https://goo.gl/fbAQLP

exports[`Render layout body render correctly 1`] = `
<div
  className="LayoutBody-widthSmall-3"
/>
`;
